// Jest Snapshot v1, https://goo.gl/fbAQLP

exports[`FetchAPI Component matches the snapshot 1`] = `
<DocumentFragment>
  <div>
    <h1>
      Posts
    </h1>
    <ul />
    <h2>
      Create a New Post
    </h2>
    <form>
      <div>
        <label
          for="title"
        >
          Title:
        </label>
        <input
          id="title"
          required=""
          type="text"
          value=""
        />
      </div>
      <div>
        <label
          for="body"
        >
          Body:
        </label>
        <textarea
          id="body"
          required=""
        />
      </div>
      <button
        type="submit"
      >
        Add Post
      </button>
    </form>
  </div>
</DocumentFragment>
`;
